# body_8pt_vs_normal_11pt.xlsx -- FROZEN EXPECTATION.
# A reading of the openpyxl-authored fixture against plan 01 D2/D3/D4.
# Corrected ONLY when that reading was wrong -- never edited to chase an FSA1 regression.
file: Body/@presentation.css
|@scope (A1:B3) {
|  td { font-size: 8pt }
|}
|
file: Body/A1:B3
|A1	B1
|A2	B2
|A3	B3
