# column_run_default_style.xlsx -- FROZEN EXPECTATION.
# A reading of the openpyxl-authored fixture against plan 01 D2/D3/D4 and plan 11.
# Corrected ONLY when that reading was wrong -- never edited to chase an FSA1 regression.
file: Run/.css
|  fsa1-cell:nth-child(2) { width: 13ch }
|  fsa1-cell:nth-child(3) { width: 13ch }
|  fsa1-cell:last-child { width: 13ch }
|
file: Run/A1:D4
|A1	B1	C1	D1
|A2	B2	C2	D2
|A3	B3	C3	D3
|A4	B4	C4	D4
file: Run/A1:D4.css
|  fsa1-cell { font-weight: bold }
|  fsa1-cell:first-child { font-weight: normal }
|
