# title_over_table.xlsx -- FROZEN EXPECTATION.
# A reading of the openpyxl-authored fixture against plan 01 D2/D3/D4.
# Corrected ONLY when that reading was wrong -- never edited to chase an FSA1 regression.
file: Sheet1/.css
|  td:first-child { width: 18.5ch }
|
file: Sheet1/A1:D20
|Quarterly Report			
|FY2026			
|			
|Item	Qty	Price	Total
|Item 1	1	3	3
|Item 2	2	6	12
|Item 3	3	9	27
|Item 4	4	12	48
|Item 5	5	15	75
|Item 6	6	18	108
|Item 7	7	21	147
|Item 8	8	24	192
|Item 9	9	27	243
|Item 10	10	30	300
|Item 11	11	33	363
|Item 12	12	36	432
|Item 13	13	39	507
|Item 14	14	42	588
|Item 15	15	45	675
|Item 16	16	48	768
