# warn_underline_double.xlsx -- FROZEN EXPECTATION.
# A reading of the openpyxl-authored fixture against plan 01 D2/D3/D4.
# Corrected ONLY when that reading was wrong -- never edited to chase an FSA1 regression.
warning: underline style double at Sheet1!A1 narrowed to underline
file: Sheet1/A1
|Under
|@scope {
|  td { text-decoration: underline }
|}
